################################################################################
#                                                                              #
#      IAR Universal Linker V6.5.1.95                                          #
#                                                                              #
#           Link time     =  08/Oct/2024  16:56:20                             #
#           Target CPU    =  MSP430                                            #
#           List file     =  D:\MSP420_pj\snake_hunt\Debug\List\snake_hunt.map #
#           Output file 1 =  D:\MSP420_pj\snake_hunt\Debug\Exe\snake_hunt.txt  #
#                            Format: msp430_txt                                #
#           Command line  =  -f C:\Users\ADMIN\AppData\Local\Temp\EW6D5B.tmp   #
#                            (D:\MSP420_pj\snake_hunt\Debug\Obj\main.r43 -o    #
#                            D:\MSP420_pj\snake_hunt\Debug\Exe\snake_hunt.txt  #
#                            -Fmsp430_txt -l                                   #
#                            D:\MSP420_pj\snake_hunt\Debug\List\snake_hunt.map #
#                            -xms -ID:\MSP430\430\LIB\ -f                      #
#                            D:\MSP430\430\config\linker\lnk430g2553.xcl       #
#                            (-cmsp430 -QCODE_I=CODE_ID -QTLS16_I=TLS16_ID     #
#                            -Z(CONST)INFO=1000-10FF                           #
#                            -Z(CONST)INFOA=10C0-10FF                          #
#                            -Z(CONST)INFOB=1080-10BF                          #
#                            -Z(CONST)INFOC=1040-107F                          #
#                            -Z(CONST)INFOD=1000-103F                          #
#                            -Z(DATA)DATA16_I,DATA16_Z,DATA16_N,TLS16_I=0200-0 #
#                            3FF                                               #
#                            -Z(DATA)DATA16_HEAP+_DATA16_HEAP_SIZE             #
#                            -Z(DATA)CODE_I -Z(DATA)CSTACK+_STACK_SIZE#        #
#                            -Z(CONST)DATA16_C,DATA16_ID,TLS16_ID,DIFUNCT,CHEC #
#                            KSUM=C000-FFDD                                    #
#                            -Z(CODE)CSTART,ISR_CODE,CODE_ID=C000-FFDD         #
#                            -P(CODE)CODE=C000-FFDD                            #
#                            -Z(CONST)SIGNATURE=FFDE-FFDF                      #
#                            -Z(CODE)INTVEC=FFE0-FFFF                          #
#                            -Z(CODE)RESET=FFFE-FFFF) -D_STACK_SIZE=50         #
#                            D:\MSP430\430\lib\dlib\dl430fn.r43                #
#                            -e_PrintfLarge=_Printf -e_ScanfLarge=_Scanf       #
#                            -D_DATA16_HEAP_SIZE=50 -s __program_start         #
#                            -D_DATA20_HEAP_SIZE=50)                           #
#                                                                              #
#                           Copyright (C) 1987-2016 IAR Systems AB.            #
################################################################################





                ****************************************
                *                                      *
                *           CROSS REFERENCE            *
                *                                      *
                ****************************************

       Program entry at :           C058  Relocatable, from module : ?cstart




                ****************************************
                *                                      *
                *            RUNTIME MODEL             *
                *                                      *
                ****************************************

  __Heap_Handler             = Basic
  __SystemLibrary            = DLib
  __core                     = 430
  __dlib_file_descriptor     = 0
  __dlib_full_locale_support = 0
  __double_size              = 32
  __pic                      = no
  __reg_r4                   = free
  __reg_r5                   = free
  __rt_version               = 3

                ****************************************
                *                                      *
                *    AUTOMATIC SYMBOL REDIRECTIONS     *
                *                                      *
                ****************************************

                  There are no automatic symbol redirections.



                ****************************************
                *                                      *
                *              MODULE MAP              *
                *                                      *
                ****************************************


  DEFINED ABSOLUTE ENTRIES
    *************************************************************************

  DEFINED ABSOLUTE ENTRIES
  PROGRAM MODULE, NAME : ?ABS_ENTRY_MOD

Absolute parts
           ENTRY                   ADDRESS         REF BY
           =====                   =======         ======
           _DATA20_HEAP_SIZE       0050 
           _DATA16_HEAP_SIZE       0050 
           _STACK_SIZE             0050 
    *************************************************************************

  FILE NAME : D:\MSP420_pj\snake_hunt\Debug\Obj\main.r43
  PROGRAM MODULE, NAME : main

  SEGMENTS IN THE MODULE
  ======================
DATA16_AN
  Relative segment, address: 0021 - 0021 (0x1 bytes), align: 0
  Segment part 1. ROOT        Intra module refs:   _CHOT
                                                   _CLK
                                                   _PRINT
           ENTRY                   ADDRESS         REF BY
           =====                   =======         ======
           P1OUT                   0021 
    -------------------------------------------------------------------------
DATA16_AN
  Relative segment, address: 0022 - 0022 (0x1 bytes), align: 0
  Segment part 2. ROOT        Intra module refs:   main
           ENTRY                   ADDRESS         REF BY
           =====                   =======         ======
           P1DIR                   0022 
    -------------------------------------------------------------------------
DATA16_AN
  Relative segment, address: 0023 - 0023 (0x1 bytes), align: 0
  Segment part 3. ROOT        Intra module refs:   _MOVE
                                                   main
           ENTRY                   ADDRESS         REF BY
           =====                   =======         ======
           P1IFG                   0023 
    -------------------------------------------------------------------------
DATA16_AN
  Relative segment, address: 0024 - 0024 (0x1 bytes), align: 0
  Segment part 4. ROOT        Intra module refs:   main
           ENTRY                   ADDRESS         REF BY
           =====                   =======         ======
           P1IES                   0024 
    -------------------------------------------------------------------------
DATA16_AN
  Relative segment, address: 0025 - 0025 (0x1 bytes), align: 0
  Segment part 5. ROOT        Intra module refs:   main
           ENTRY                   ADDRESS         REF BY
           =====                   =======         ======
           P1IE                    0025 
    -------------------------------------------------------------------------
DATA16_AN
  Relative segment, address: 0027 - 0027 (0x1 bytes), align: 0
  Segment part 6. ROOT        Intra module refs:   main
           ENTRY                   ADDRESS         REF BY
           =====                   =======         ======
           P1REN                   0027 
    -------------------------------------------------------------------------
DATA16_AN
  Relative segment, address: 0120 - 0121 (0x2 bytes), align: 0
  Segment part 7. ROOT        Intra module refs:   main
           ENTRY                   ADDRESS         REF BY
           =====                   =======         ======
           WDTCTL                  0120 
    -------------------------------------------------------------------------
DATA16_Z
  Relative segment, address: 02E2 - 0321 (0x40 bytes), align: 0
  Segment part 10.            Intra module refs:   _LONG
                                                   _RESET
                                                   _SNAKE
                                                   main
           ENTRY                   ADDRESS         REF BY
           =====                   =======         ======
           x                       02E2 
    -------------------------------------------------------------------------
DATA16_Z
  Relative segment, address: 0322 - 0361 (0x40 bytes), align: 0
  Segment part 11.            Intra module refs:   _LONG
                                                   _RESET
                                                   _SNAKE
                                                   main
           ENTRY                   ADDRESS         REF BY
           =====                   =======         ======
           y                       0322 
    -------------------------------------------------------------------------
DATA16_I
  Relative segment, address: 0200 - 0201 (0x2 bytes), align: 1
  Segment part 12.            Intra module refs:   _RESET
                                                   main
           ENTRY                   ADDRESS         REF BY
           =====                   =======         ======
           FIRST                   0200 
    -------------------------------------------------------------------------
DATA16_Z
  Relative segment, address: 0258 - 0259 (0x2 bytes), align: 1
  Segment part 14.            Intra module refs:   main
           ENTRY                   ADDRESS         REF BY
           =====                   =======         ======
           point                   0258 
    -------------------------------------------------------------------------
DATA16_I
  Relative segment, address: 0216 - 0216 (0x1 bytes), align: 0
  Segment part 15.            Intra module refs:   _MOVE
                                                   _RESET
                                                   _SNAKE
           ENTRY                   ADDRESS         REF BY
           =====                   =======         ======
           mode                    0216 
    -------------------------------------------------------------------------
DATA16_Z
  Relative segment, address: 0362 - 0362 (0x1 bytes), align: 0
  Segment part 17.            Intra module refs:   _MOVE
                                                   _RESET
                                                   _SNAKE
                                                   main
           ENTRY                   ADDRESS         REF BY
           =====                   =======         ======
           start                   0362 
    -------------------------------------------------------------------------
DATA16_Z
  Relative segment, address: 0363 - 0363 (0x1 bytes), align: 0
  Segment part 18.            Intra module refs:   _LONG
                                                   _MOVE
                                                   _RESET
                                                   _SNAKE
                                                   main
           ENTRY                   ADDRESS         REF BY
           =====                   =======         ======
           SCORE                   0363 
    -------------------------------------------------------------------------
DATA16_I
  Relative segment, address: 0202 - 0211 (0x10 bytes), align: 1
  Segment part 19.            Intra module refs:   _PRINT
           ENTRY                   ADDRESS         REF BY
           =====                   =======         ======
           quethang                0202 
    -------------------------------------------------------------------------
DATA16_I
  Relative segment, address: 0217 - 0256 (0x40 bytes), align: 0
  Segment part 21.            Intra module refs:   _PRINT
                                                   _RESET
                                                   _SNAKE
                                                   main
           ENTRY                   ADDRESS         REF BY
           =====                   =======         ======
           MATRIX                  0217 
    -------------------------------------------------------------------------
<CODE> 1 (was CODE)
  Relative segment, address: C39C - C463 (0xc8 bytes), align: 1
  Segment part 29.
           ENTRY                   ADDRESS         REF BY
           =====                   =======         ======
           main                    C39C            Segment part 19 (?cstart)
               calls direct
    -------------------------------------------------------------------------
<CODE> 1 (was CODE)
  Relative segment, address: C080 - C2CF (0x250 bytes), align: 1
  Segment part 28.            Intra module refs:   main
           ENTRY                   ADDRESS         REF BY
           =====                   =======         ======
           _SNAKE                  C080 
               calls direct
    -------------------------------------------------------------------------
<CODE> 1 (was CODE)
  Relative segment, address: C4E8 - C54F (0x68 bytes), align: 1
  Segment part 25.            Intra module refs:   _SNAKE
           ENTRY                   ADDRESS         REF BY
           =====                   =======         ======
           _PRINT                  C4E8 
               calls direct
    -------------------------------------------------------------------------
<CODE> 1 (was CODE)
  Relative segment, address: C6DE - C6E7 (0xa bytes), align: 1
  Segment part 23.            Intra module refs:   _PRINT
           ENTRY                   ADDRESS         REF BY
           =====                   =======         ======
           _CLK                    C6DE 
    -------------------------------------------------------------------------
<CODE> 1 (was CODE)
  Relative segment, address: C6D4 - C6DD (0xa bytes), align: 1
  Segment part 24.            Intra module refs:   _PRINT
           ENTRY                   ADDRESS         REF BY
           =====                   =======         ======
           _CHOT                   C6D4 
    -------------------------------------------------------------------------
<CODE> 1 (was CODE)
  Relative segment, address: C660 - C67B (0x1c bytes), align: 1
  Segment part 27.            Intra module refs:   _SNAKE
           ENTRY                   ADDRESS         REF BY
           =====                   =======         ======
           _LONG                   C660 
    -------------------------------------------------------------------------
<CODE> 1 (was CODE)
  Relative segment, address: C550 - C5B1 (0x62 bytes), align: 1
  Segment part 26.            Intra module refs:   _MOVE
                                                   _SNAKE
           ENTRY                   ADDRESS         REF BY
           =====                   =======         ======
           _RESET                  C550 
    -------------------------------------------------------------------------
<CODE> 1 (was CODE)
  Relative segment, address: C2D0 - C39B (0xcc bytes), align: 1
  Segment part 30.            Intra module refs:   _MOVE::??INTVEC 4
           ENTRY                   ADDRESS         REF BY
           =====                   =======         ======
           _MOVE                   C2D0 
               interrupt function
               calls direct
    -------------------------------------------------------------------------
INTVEC
  Common segment, address: FFE0 - FFE5 (0x6 bytes), align: 1
  Segment part 8. ROOT 
           ENTRY                   ADDRESS         REF BY
           =====                   =======         ======
           _MOVE::??INTVEC 4       FFE4 
    -------------------------------------------------------------------------
DATA16_ID
  Relative segment, address: C000 - C001 (0x2 bytes), align: 1
  Segment part 13.            Intra module refs:   FIRST
    -------------------------------------------------------------------------
DATA16_ID
  Relative segment, address: C016 - C016 (0x1 bytes), align: 0
  Segment part 16.            Intra module refs:   mode
    -------------------------------------------------------------------------
DATA16_ID
  Relative segment, address: C002 - C011 (0x10 bytes), align: 1
  Segment part 20.            Intra module refs:   quethang
    -------------------------------------------------------------------------
DATA16_ID
  Relative segment, address: C017 - C056 (0x40 bytes), align: 0
  Segment part 22.            Intra module refs:   MATRIX

    *************************************************************************

  FILE NAME : D:\MSP430\430\lib\dlib\dl430fn.r43
  LIBRARY MODULE, NAME : ?_exit

  SEGMENTS IN THE MODULE
  ======================
<CODE> 1 (was CODE)
  Relative segment, address: C6E8, align: 1
  Segment part 0.
           ENTRY                   ADDRESS         REF BY
           =====                   =======         ======
           _exit                   C6E8            exit (?exit)
    -------------------------------------------------------------------------
<CODE> 1 (was CODE)
  Relative segment, address: C6E8 - C6EB (0x4 bytes), align: 1
  Segment part 6.             Intra module refs:   _exit

    -------------------------------------------------------------------------
  LIBRARY MODULE, NAME : ?cstart

  SEGMENTS IN THE MODULE
  ======================
CSTACK
  Relative segment, address: 03B0, align: 1
  Segment part 1.
    -------------------------------------------------------------------------
DATA16_Z
  Relative segment, address: 025A, align: 1
  Segment part 2.
    -------------------------------------------------------------------------
DATA16_I
  Relative segment, address: 0212, align: 1
  Segment part 3.
    -------------------------------------------------------------------------
DATA16_ID
  Relative segment, address: C012, align: 1
  Segment part 4.
    -------------------------------------------------------------------------
CSTART
  Relative segment, address: C058 - C05B (0x4 bytes), align: 1
  Segment part 9.
           ENTRY                   ADDRESS         REF BY
           =====                   =======         ======
           __program_start         C058            ?reset_vector (?reset_vector)
                                                   Absolute parts (?ABS_ENTRY_MOD)
           ?cstart_begin           C058 
    -------------------------------------------------------------------------
CSTART
  Relative segment, address: C05C - C067 (0xc bytes), align: 1
  Segment part 14.
           ENTRY                   ADDRESS         REF BY
           =====                   =======         ======
           ?cstart_init_zero       C05C            SCORE (main)
                                                   Segment part 7 (?rand)
                                                   Segment part 9 (?rand)
                                                   _Randinit (?rand)
                                                   __iar_Tls_setup__Randinit (?rand)
                                                   __iar_Tls_setup__Randseed (?rand)
                                                   point (main)
                                                   start (main)
                                                   x (main)
                                                   y (main)
    -------------------------------------------------------------------------
CSTART
  Relative segment, address: C068 - C077 (0x10 bytes), align: 1
  Segment part 15.
           ENTRY                   ADDRESS         REF BY
           =====                   =======         ======
           ?cstart_init_copy       C068            FIRST (main)
                                                   MATRIX (main)
                                                   _Randseed (?rand)
                                                   mode (main)
                                                   quethang (main)
    -------------------------------------------------------------------------
CSTART
  Relative segment, address: C078 - C07F (0x8 bytes), align: 1
  Segment part 19.            Intra module refs:   Segment part 9
           ENTRY                   ADDRESS         REF BY
           =====                   =======         ======
           ?cstart_call_main       C078 
           ?cstart_end             C080 

    -------------------------------------------------------------------------
  LIBRARY MODULE, NAME : ?reset_vector

  SEGMENTS IN THE MODULE
  ======================
RESET
  Relative segment, address: FFFE - FFFF (0x2 bytes), align: 1
  Segment part 0.
           ENTRY                   ADDRESS         REF BY
           =====                   =======         ======
           ?reset_vector           FFFE            Segment part 9 (?cstart)

    -------------------------------------------------------------------------
  LIBRARY MODULE, NAME : ?exit

  SEGMENTS IN THE MODULE
  ======================
<CODE> 1 (was CODE)
  Relative segment, address: C6F0 - C6F3 (0x4 bytes), align: 1
  Segment part 2.
           ENTRY                   ADDRESS         REF BY
           =====                   =======         ======
           exit                    C6F0            Segment part 19 (?cstart)
               calls direct

    -------------------------------------------------------------------------
  LIBRARY MODULE, NAME : ?Mul32

  SEGMENTS IN THE MODULE
  ======================
<CODE> 1 (was CODE)
  Relative segment, address: C5B2 - C5E1 (0x30 bytes), align: 1
  Segment part 0.
           ENTRY                   ADDRESS         REF BY
           =====                   =======         ======
           ?Mul32                  C5B2            Segment part 12 (?rand)

    -------------------------------------------------------------------------
  LIBRARY MODULE, NAME : ?DivMod816u

  SEGMENTS IN THE MODULE
  ======================
<CODE> 1 (was CODE)
  Relative segment, address: C67C - C693 (0x18 bytes), align: 1
  Segment part 1.
           ENTRY                   ADDRESS         REF BY
           =====                   =======         ======
           ?DivMod16u              C67C            ?DivMod16s (?DivMod816s)

    -------------------------------------------------------------------------
  LIBRARY MODULE, NAME : ?DivMod816s

  SEGMENTS IN THE MODULE
  ======================
<CODE> 1 (was CODE)
  Relative segment, address: C5E2 - C611 (0x30 bytes), align: 1
  Segment part 1.
           ENTRY                   ADDRESS         REF BY
           =====                   =======         ======
           ?DivMod16s              C5E2            main (main)

    -------------------------------------------------------------------------
  LIBRARY MODULE, NAME : ?ShiftRight816s

  SEGMENTS IN THE MODULE
  ======================
<CODE> 1 (was CODE)
  Relative segment, address: C6C8 - C6D3 (0xc bytes), align: 1
  Segment part 1.
           ENTRY                   ADDRESS         REF BY
           =====                   =======         ======
           ?ShiftRight16s          C6C8            _PRINT (main)

    -------------------------------------------------------------------------
  LIBRARY MODULE, NAME : ?memcpy

  SEGMENTS IN THE MODULE
  ======================
<CODE> 1 (was CODE)
  Relative segment, address: C694 - C6A5 (0x12 bytes), align: 1
  Segment part 2.
           ENTRY                   ADDRESS         REF BY
           =====                   =======         ======
           memcpy                  C694            __data16_memcpy (?memzero)

    -------------------------------------------------------------------------
  LIBRARY MODULE, NAME : ?memzero

  SEGMENTS IN THE MODULE
  ======================
<CODE> 1 (was CODE)
  Relative segment, address: C6B8 - C6C7 (0x10 bytes), align: 1
  Segment part 2.
           ENTRY                   ADDRESS         REF BY
           =====                   =======         ======
           __data16_memzero        C6B8            ?cstart_init_zero (?cstart)
    -------------------------------------------------------------------------
<CODE> 1 (was CODE)
  Relative segment, address: C6EC - C6EF (0x4 bytes), align: 1
  Segment part 3.
           ENTRY                   ADDRESS         REF BY
           =====                   =======         ======
           __data16_memcpy         C6EC            ?cstart_init_copy (?cstart)
               calls direct

    -------------------------------------------------------------------------
  LIBRARY MODULE, NAME : ?rand

  SEGMENTS IN THE MODULE
  ======================
DATA16_Z
  Relative segment, address: 0364 - 0364 (0x1 bytes), align: 0
  Segment part 2.             Intra module refs:   rand
           ENTRY                   ADDRESS         REF BY
           =====                   =======         ======
           _Randinit               0364            srand (?srand)
    -------------------------------------------------------------------------
DATA16_Z
  Relative segment, address: 025A - 025B (0x2 bytes), align: 1
  Segment part 3.             Intra module refs:   rand
           ENTRY                   ADDRESS         REF BY
           =====                   =======         ======
           __iar_Tls_setup__Randinit
                                   025A            srand (?srand)
    -------------------------------------------------------------------------
DATA16_I
  Relative segment, address: 0212 - 0215 (0x4 bytes), align: 1
  Segment part 4.             Intra module refs:   Segment part 12
           ENTRY                   ADDRESS         REF BY
           =====                   =======         ======
           _Randseed               0212            srand (?srand)
    -------------------------------------------------------------------------
DATA16_Z
  Relative segment, address: 025C - 025D (0x2 bytes), align: 1
  Segment part 6.             Intra module refs:   rand
           ENTRY                   ADDRESS         REF BY
           =====                   =======         ======
           __iar_Tls_setup__Randseed
                                   025C            srand (?srand)
    -------------------------------------------------------------------------
DATA16_Z
  Relative segment, address: 025E - 0261 (0x4 bytes), align: 1
  Segment part 7.             Intra module refs:   rand
    -------------------------------------------------------------------------
DATA16_Z
  Relative segment, address: 0262 - 02E1 (0x80 bytes), align: 1
  Segment part 9.             Intra module refs:   rand
    -------------------------------------------------------------------------
<CODE> 1 (was CODE)
  Relative segment, address: C464 - C4E7 (0x84 bytes), align: 1
  Segment part 11.
           ENTRY                   ADDRESS         REF BY
           =====                   =======         ======
           rand                    C464            main (main)
               calls direct and indirect
    -------------------------------------------------------------------------
<CODE> 1 (was CODE)
  Relative segment, address: C63A - C65F (0x26 bytes), align: 1
  Segment part 12.            Intra module refs:   rand
    -------------------------------------------------------------------------
DATA16_ID
  Relative segment, address: C012 - C015 (0x4 bytes), align: 1
  Segment part 5.             Intra module refs:   _Randseed

    -------------------------------------------------------------------------
  LIBRARY MODULE, NAME : ?srand

  SEGMENTS IN THE MODULE
  ======================
<CODE> 1 (was CODE)
  Relative segment, address: C612 - C639 (0x28 bytes), align: 1
  Segment part 2.
           ENTRY                   ADDRESS         REF BY
           =====                   =======         ======
           srand                   C612            main (main)
               calls indirect

    -------------------------------------------------------------------------
  LIBRARY MODULE, NAME : ?time

  SEGMENTS IN THE MODULE
  ======================
<CODE> 1 (was CODE)
  Relative segment, address: C6A6 - C6B7 (0x12 bytes), align: 1
  Segment part 2.
           ENTRY                   ADDRESS         REF BY
           =====                   =======         ======
           __time32                C6A6            main (main)

    -------------------------------------------------------------------------
  LIBRARY MODULE, NAME : ?__exit

  SEGMENTS IN THE MODULE
  ======================
<CODE> 1 (was CODE)
  Relative segment, address: C6F4 - C6F5 (0x2 bytes), align: 1
  Segment part 2.
           ENTRY                   ADDRESS         REF BY
           =====                   =======         ======
           __exit                  C6F4            Segment part 6 (?_exit)
                                                   _exit (?_exit)




                ****************************************
                *                                      *
                *      SEGMENTS IN ADDRESS ORDER       *
                *                                      *
                ****************************************


SEGMENT              SPACE    START ADDRESS   END ADDRESS     SIZE  TYPE  ALIGN
=======              =====    =============   ===========     ====  ====  =====
DATA16_AN                              0021 - 0025               5   rel    0
                                       0027 - 0027               1 
                                       0120 - 0121               2 
DATA16_I                               0200 - 0256              57   rel    1
DATA16_Z                               0258 - 0364             10D   rel    1
CSTACK                                 03B0 - 03FF              50   rel    1
DATA16_C                                  C000                       dse    0
DATA16_ID                              C000 - C056              57   rel    1
CSTART                                 C058 - C07F              28   rel    1
<CODE> 1                               C080 - C6F5             676   rel    1
INTVEC                                 FFE0 - FFE5               6   com    1
RESET                                  FFFE - FFFF               2   rel    1

                ****************************************
                *                                      *
                *        END OF CROSS REFERENCE        *
                *                                      *
                ****************************************

 1 702 bytes of CODE  memory
   436 bytes of DATA  memory (+ 8 absolute )
    87 bytes of CONST memory

Errors: none
Warnings: none

